// Vitest Snapshot v1, https://vitest.dev/guide/snapshot.html

exports[`BottomSheetInput > renders correctly (snapshot) 1`] = `
<DocumentFragment>
  <div>
    <label
      class="block text-sm font-medium text-foreground mb-2"
      for="«r0»"
    >
      Pick a value
    </label>
    <div
      class="relative w-full"
    >
      <input
        aria-expanded="false"
        aria-haspopup="dialog"
        aria-invalid="false"
        class="block w-full rounded-md border bg-white transition-colors focus:outline-none focus:ring-2 focus:ring-offset-2 disabled:opacity-50 disabled:pointer-events-none disabled:bg-gray-50 border-primary/30 text-foreground focus:border-primary focus:ring-primary/20 pl-3 pr-3 h-10"
        id="«r0»"
        placeholder="Click to open bottom sheet"
        readonly=""
        tabindex="0"
        value=""
      />
    </div>
  </div>
  <div
    aria-hidden="true"
    class="fixed inset-0 z-40 duration-300 pointer-events-none"
  />
  <div
    aria-modal="true"
    class="fixed left-0 bottom-0 z-40 w-full max-h-[90dvh] bg-background shadow-lg border-t border-border rounded-lg transition-transform duration-300 ease-in-out will-change-transform translate-y-full"
    role="dialog"
    tabindex="-1"
  />
</DocumentFragment>
`;
