// Vitest Snapshot v1, https://vitest.dev/guide/snapshot.html

exports[`MatchMedia > should match snapshot when rendered 1`] = `
<DocumentFragment>
  <div>
    Content
  </div>
</DocumentFragment>
`;
