// Vitest Snapshot v1, https://vitest.dev/guide/snapshot.html

exports[`DrawerInput > renders correctly and matches snapshot 1`] = `
<DocumentFragment>
  <div>
    <label
      class="block text-sm font-medium text-foreground mb-2"
      for="«r0»"
    >
      Select value
    </label>
    <div
      class="relative w-full"
    >
      <input
        aria-expanded="false"
        aria-haspopup="dialog"
        aria-invalid="false"
        class="block w-full rounded-md border bg-white transition-colors focus:outline-none focus:ring-2 focus:ring-offset-2 disabled:opacity-50 disabled:pointer-events-none disabled:bg-gray-50 border-primary/30 text-foreground focus:border-primary focus:ring-primary/20 pl-3 pr-3 h-9"
        id="«r0»"
        placeholder="Click to open modal"
        readonly=""
        tabindex="0"
        value=""
      />
    </div>
  </div>
</DocumentFragment>
`;
