// Vitest Snapshot v1, https://vitest.dev/guide/snapshot.html

exports[`EmailInput > renders correctly (snapshot) 1`] = `
<DocumentFragment>
  <div>
    <label
      class="block text-sm font-medium text-foreground mb-2"
      for="«r0»"
    >
      Email
    </label>
    <div
      class="relative w-full"
    >
      <input
        aria-invalid="false"
        autocomplete="email"
        class="block w-full rounded-md border bg-white transition-colors focus:outline-none focus:ring-2 focus:ring-offset-2 disabled:opacity-50 disabled:pointer-events-none disabled:bg-gray-50 border-primary/30 text-foreground focus:border-primary focus:ring-primary/20 pl-3 pr-9 h-10"
        id="«r0»"
        inputmode="email"
        placeholder="your@email.com"
        required=""
        type="email"
      />
      <span
        class="absolute right-2.5 top-0 bottom-0 pointer-events-none text-gray-500 flex items-center justify-center w-5"
        data-testid="right-content"
      >
        <svg
          aria-hidden="true"
          class="lucide lucide-mail inline-flex items-center justify-center w-4 h-4"
          fill="none"
          height="24"
          stroke="currentColor"
          stroke-linecap="round"
          stroke-linejoin="round"
          stroke-width="2"
          viewBox="0 0 24 24"
          width="24"
          xmlns="http://www.w3.org/2000/svg"
        >
          <path
            d="m22 7-8.991 5.727a2 2 0 0 1-2.009 0L2 7"
          />
          <rect
            height="16"
            rx="2"
            width="20"
            x="2"
            y="4"
          />
        </svg>
      </span>
    </div>
  </div>
</DocumentFragment>
`;
