// Vitest Snapshot v1, https://vitest.dev/guide/snapshot.html

exports[`TextAreaInput > Rendering > matches snapshot 1`] = `
<DocumentFragment>
  <div>
    <label
      class="block text-sm font-medium text-foreground mb-2 cursor-pointer"
      for="«r1»"
    >
      Description
    </label>
    <div
      class="relative w-full"
    >
      <div
        aria-invalid="false"
        aria-label="Description"
        aria-multiline="true"
        class="block w-full rounded-md border bg-white transition-colors focus:outline-none focus:ring-2 focus:ring-offset-2 disabled:pointer-events-none disabled:bg-gray-50 overflow-y-auto whitespace-pre-wrap break-words border-primary/30 text-foreground focus:border-primary focus:ring-primary/20 px-3 py-2 empty:before:content-[attr(data-placeholder)] empty:before:text-gray-400"
        contenteditable="true"
        data-placeholder="Enter your description here..."
        id="«r1»"
        role="textbox"
        style="min-height: 5.5rem;"
      />
    </div>
  </div>
</DocumentFragment>
`;
