// Vitest Snapshot v1, https://vitest.dev/guide/snapshot.html

exports[`TopBar > renders correctly (snapshot) 1`] = `
<DocumentFragment>
  <header
    class="w-full flex items-center px-6 py-4 mb-6 border-b border-border shadow-xs bg-white"
  >
    <div
      class="flex items-center gap-3 min-w-0 flex-1"
    >
      <div
        class="inline-flex items-center justify-center font-medium overflow-hidden transition-all duration-200 select-none relative bg-coral-soft text-coral h-8 w-8 text-xs rounded-md"
      >
        <svg
          aria-hidden="true"
          class="lucide lucide-zap"
          fill="none"
          height="24"
          stroke="currentColor"
          stroke-linecap="round"
          stroke-linejoin="round"
          stroke-width="2"
          viewBox="0 0 24 24"
          width="24"
          xmlns="http://www.w3.org/2000/svg"
        >
          <path
            d="M4 14a1 1 0 0 1-.78-1.63l9.9-10.2a.5.5 0 0 1 .86.46l-1.92 6.02A1 1 0 0 0 13 10h7a1 1 0 0 1 .78 1.63l-9.9 10.2a.5.5 0 0 1-.86-.46l1.92-6.02A1 1 0 0 0 11 14z"
          />
        </svg>
      </div>
      <nav
        class="flex items-center gap-2 ml-4"
      >
        <div
          aria-current="page"
          class="px-2.5 py-1.5 rounded-md text-sm cursor-pointer transition-colors bg-coral/10 text-coral"
        >
          Home
        </div>
        <div
          class="px-2.5 py-1.5 rounded-md text-sm cursor-pointer transition-colors hover:text-coral text-ghost"
        >
          Docs
        </div>
        <div
          class="px-2.5 py-1.5 rounded-md text-sm cursor-pointer transition-colors hover:text-coral text-ghost"
        >
          Pricing
        </div>
      </nav>
    </div>
    <div
      class="flex items-center gap-2 ml-auto"
    >
      <div
        class="flex items-center gap-2 mr-4"
      >
        <button
          aria-disabled="false"
          aria-label="Notifications"
          class="inline-flex items-center justify-center font-medium transition-all duration-200 focus-visible:outline-none focus-visible:ring-2 focus-visible:ring-offset-2 disabled:opacity-50 disabled:pointer-events-none active:scale-[0.98] select-none bg-white text-foreground hover:bg-slate-soft focus-visible:ring-slate-soft focus-visible:ring-offset-white h-8 w-8 rounded-md"
          type="button"
        >
          <svg
            aria-hidden="true"
            class="lucide lucide-bell inline-flex items-center justify-center w-4 h-4 text-ghost"
            fill="none"
            height="24"
            stroke="currentColor"
            stroke-linecap="round"
            stroke-linejoin="round"
            stroke-width="2"
            viewBox="0 0 24 24"
            width="24"
            xmlns="http://www.w3.org/2000/svg"
          >
            <path
              d="M10.268 21a2 2 0 0 0 3.464 0"
            />
            <path
              d="M3.262 15.326A1 1 0 0 0 4 17h16a1 1 0 0 0 .74-1.673C19.41 13.956 18 12.499 18 8A6 6 0 0 0 6 8c0 4.499-1.411 5.956-2.738 7.326"
            />
          </svg>
        </button>
        <button
          aria-disabled="false"
          aria-label="Settings"
          class="inline-flex items-center justify-center font-medium transition-all duration-200 focus-visible:outline-none focus-visible:ring-2 focus-visible:ring-offset-2 disabled:opacity-50 disabled:pointer-events-none active:scale-[0.98] select-none bg-white text-foreground hover:bg-slate-soft focus-visible:ring-slate-soft focus-visible:ring-offset-white h-8 w-8 rounded-md"
          type="button"
        >
          <svg
            aria-hidden="true"
            class="lucide lucide-between-horizontal-start inline-flex items-center justify-center w-4 h-4 text-ghost"
            fill="none"
            height="24"
            stroke="currentColor"
            stroke-linecap="round"
            stroke-linejoin="round"
            stroke-width="2"
            viewBox="0 0 24 24"
            width="24"
            xmlns="http://www.w3.org/2000/svg"
          >
            <rect
              height="7"
              rx="1"
              width="13"
              x="8"
              y="3"
            />
            <path
              d="m2 9 3 3-3 3"
            />
            <rect
              height="7"
              rx="1"
              width="13"
              x="8"
              y="14"
            />
          </svg>
        </button>
      </div>
      <div
        class="inline-flex items-center justify-center font-medium overflow-hidden transition-all duration-200 select-none relative bg-coral-soft text-coral h-8 w-8 text-xs rounded-full"
      >
        DM
      </div>
    </div>
  </header>
</DocumentFragment>
`;
