// Vitest Snapshot v1, https://vitest.dev/guide/snapshot.html

exports[`MobileAndTabletBreakpoint > should match snapshot when rendered 1`] = `
<DocumentFragment>
  <div>
    Mobile/Tablet Content
  </div>
</DocumentFragment>
`;
