// Vitest Snapshot v1, https://vitest.dev/guide/snapshot.html

exports[`SelectInput > matches snapshot 1`] = `
<DocumentFragment>
  <div
    class="w-full"
  >
    <label
      class="block text-sm font-medium text-foreground mb-2"
      for="«r0»"
    >
      Country
    </label>
    <div
      class="relative w-full"
    >
      <select
        aria-invalid="false"
        class="block w-full rounded-md border bg-white transition-colors focus:outline-none focus:ring-2 focus:ring-offset-2 disabled:pointer-events-none disabled:bg-gray-50 appearance-none bg-no-repeat bg-right pr-10 border-primary/30 text-foreground focus:border-primary focus:ring-primary/20 h-9 pl-3"
        id="«r0»"
      >
        <option
          disabled=""
          hidden=""
          value=""
        >
          Select a country
        </option>
        <option
          value="us"
        >
          United States
        </option>
        <option
          value="ca"
        >
          Canada
        </option>
        <option
          value="uk"
        >
          United Kingdom
        </option>
        <option
          value="de"
        >
          Germany
        </option>
        <option
          value="fr"
        >
          France
        </option>
      </select>
      <div
        class="absolute inset-y-0 right-0 flex items-center pr-3 pointer-events-none transition-transform duration-200"
      >
        <svg
          aria-hidden="true"
          class="lucide lucide-chevron-down inline-flex items-center justify-center w-4 h-4 text-gray-500"
          fill="none"
          height="24"
          stroke="currentColor"
          stroke-linecap="round"
          stroke-linejoin="round"
          stroke-width="2"
          viewBox="0 0 24 24"
          width="24"
          xmlns="http://www.w3.org/2000/svg"
        >
          <path
            d="m6 9 6 6 6-6"
          />
        </svg>
      </div>
    </div>
  </div>
</DocumentFragment>
`;
