// Vitest Snapshot v1, https://vitest.dev/guide/snapshot.html

exports[`Drawer > Default Story > matches snapshot when open 1`] = `
<DocumentFragment>
  <button
    aria-disabled="false"
    class="inline-flex items-center justify-center gap-2 rounded-md font-medium transition-all duration-200 focus-visible:outline-none focus-visible:ring-2 focus-visible:ring-offset-2 disabled:opacity-50 disabled:pointer-events-none active:scale-[0.98] select-none bg-primary text-white hover:bg-primary/90 focus-visible:ring-primary-soft focus-visible:ring-offset-white shadow-sm hover:shadow-md h-10 px-4 text-sm min-w-[2.5rem]"
    type="button"
  >
    Open Drawer
  </button>
  <div
    class="fixed z-50 inset-0 pointer-events-auto"
  >
    <div
      class="fixed inset-0 z-50 transition-opacity duration-300 bg-black/30 backdrop-blur-md opacity-100"
    />
    <div
      aria-modal="true"
      class="fixed z-50 shadow-xl flex flex-col right-0 top-0 bottom-0 border-l w-96 bg-white border-gray-200 transition-transform duration-300 ease-in-out"
      role="dialog"
    >
      <div
        class="flex-shrink-0 px-6 bg-white border-b border-border py-4"
      >
        <div
          class="flex items-center justify-between"
        >
          <h3
            class="text-lg font-semibold"
          >
            Drawer Title
          </h3>
          <button
            aria-disabled="false"
            aria-label="Close drawer"
            class="inline-flex items-center justify-center font-medium transition-all duration-200 focus-visible:outline-none focus-visible:ring-2 focus-visible:ring-offset-2 disabled:opacity-50 disabled:pointer-events-none active:scale-[0.98] select-none bg-white text-foreground hover:bg-ghost-soft focus-visible:ring-ghost-soft focus-visible:ring-offset-white h-8 w-8 rounded-md"
            type="button"
          >
            <svg
              aria-hidden="true"
              class="lucide lucide-x inline-flex items-center justify-center w-4 h-4 text-ghost"
              fill="none"
              height="24"
              stroke="currentColor"
              stroke-linecap="round"
              stroke-linejoin="round"
              stroke-width="2"
              viewBox="0 0 24 24"
              width="24"
              xmlns="http://www.w3.org/2000/svg"
            >
              <path
                d="M18 6 6 18"
              />
              <path
                d="m6 6 12 12"
              />
            </svg>
          </button>
        </div>
      </div>
      <div
        class="flex-1 overflow-y-auto px-6 py-4 bg-white"
      >
        <p
          class="text-gray-600 mb-4"
        >
          This is the main content area of the drawer. You can put any content here.
        </p>
        <p
          class="text-gray-600"
        >
          The drawer supports different sizes, positions, and variants to match your design needs.
        </p>
      </div>
      <div
        class="flex-shrink-0 px-6 py-4 border-t bg-white border-gray-200 flex flex-row gap-3 sm:justify-end [&>*]:sm:flex-grow-0 [&>*]:flex-grow"
      >
        <button
          aria-disabled="false"
          class="inline-flex items-center justify-center gap-2 rounded-md font-medium transition-all duration-200 focus-visible:outline-none focus-visible:ring-2 focus-visible:ring-offset-2 disabled:opacity-50 disabled:pointer-events-none active:scale-[0.98] select-none bg-white text-foreground hover:bg-ghost-soft focus-visible:ring-ghost-soft focus-visible:ring-offset-white h-10 px-4 text-sm min-w-[2.5rem]"
          type="button"
        >
          Cancel
        </button>
        <button
          aria-disabled="false"
          class="inline-flex items-center justify-center gap-2 rounded-md font-medium transition-all duration-200 focus-visible:outline-none focus-visible:ring-2 focus-visible:ring-offset-2 disabled:opacity-50 disabled:pointer-events-none active:scale-[0.98] select-none bg-primary text-white hover:bg-primary/90 focus-visible:ring-primary-soft focus-visible:ring-offset-white shadow-sm hover:shadow-md h-10 px-4 text-sm min-w-[2.5rem]"
          type="button"
        >
          Save Changes
        </button>
      </div>
    </div>
  </div>
</DocumentFragment>
`;
