// Vitest Snapshot v1, https://vitest.dev/guide/snapshot.html

exports[`ButtonMenu > opens menu and shows items when clicked 1`] = `
<DocumentFragment>
  <div
    class="relative w-fit"
  >
    <button
      aria-controls="«r1»"
      aria-expanded="true"
      aria-haspopup="menu"
      aria-label="Open menu"
      class="inline-flex items-center justify-center gap-2 rounded-md font-medium duration-200 focus-visible:outline-none focus-visible:ring-2 focus-visible:ring-offset-2 disabled:opacity-50 disabled:pointer-events-none active:scale-[0.98] select-none cursor-pointer border border-border text-foreground bg-white hover:bg-accent-soft focus-visible:ring-accent-soft focus-visible:ring-offset-white transition-all h-9 px-4 text-sm min-w-[2.5rem]"
      type="button"
    >
      <svg
        aria-hidden="true"
        class="lucide lucide-user-round inline-flex items-center justify-center w-5 h-5"
        fill="none"
        height="24"
        stroke="currentColor"
        stroke-linecap="round"
        stroke-linejoin="round"
        stroke-width="2"
        viewBox="0 0 24 24"
        width="24"
        xmlns="http://www.w3.org/2000/svg"
      >
        <circle
          cx="12"
          cy="8"
          r="5"
        />
        <path
          d="M20 21a8 8 0 0 0-16 0"
        />
      </svg>
      Profile
    </button>
    <div
      aria-hidden="false"
      class="z-70 min-w-40 bg-background rounded-lg border border-border transition-all duration-200 ease-out will-change-transform shadow-lg py-2 px-1 opacity-100 scale-100"
      id="«r1»"
      role="menu"
      style="position: absolute; top: 4px; left: 8px;"
    >
      <ul
        class="flex flex-col gap-1"
      >
        <li>
          <button
            class="inline-flex items-center rounded-md font-medium transition-all duration-200 focus-visible:outline-none focus-visible:ring-2 focus-visible:ring-offset-2 disabled:opacity-50 disabled:pointer-events-none active:scale-[0.98] select-none cursor-pointer bg-white text-foreground hover:bg-ghost-soft focus-visible:ring-ghost-light focus-visible:ring-offset-white h-9 px-4 text-sm min-w-[2.5rem] justify-start w-full gap-2"
            type="button"
          >
            <svg
              aria-hidden="true"
              class="lucide lucide-user-round inline-flex items-center justify-center w-5 h-5"
              fill="none"
              height="24"
              stroke="currentColor"
              stroke-linecap="round"
              stroke-linejoin="round"
              stroke-width="2"
              viewBox="0 0 24 24"
              width="24"
              xmlns="http://www.w3.org/2000/svg"
            >
              <circle
                cx="12"
                cy="8"
                r="5"
              />
              <path
                d="M20 21a8 8 0 0 0-16 0"
              />
            </svg>
            Profile
            <svg
              aria-hidden="true"
              class="lucide lucide-check inline-flex items-center justify-center w-4 h-4 ml-auto"
              fill="none"
              height="24"
              stroke="currentColor"
              stroke-linecap="round"
              stroke-linejoin="round"
              stroke-width="2"
              viewBox="0 0 24 24"
              width="24"
              xmlns="http://www.w3.org/2000/svg"
            >
              <path
                d="M20 6 9 17l-5-5"
              />
            </svg>
          </button>
        </li>
        <li>
          <button
            class="inline-flex items-center rounded-md font-medium transition-all duration-200 focus-visible:outline-none focus-visible:ring-2 focus-visible:ring-offset-2 disabled:opacity-50 disabled:pointer-events-none active:scale-[0.98] select-none cursor-pointer bg-white text-foreground hover:bg-ghost-soft focus-visible:ring-ghost-light focus-visible:ring-offset-white h-9 px-4 text-sm min-w-[2.5rem] justify-start w-full gap-2"
            type="button"
          >
            <svg
              aria-hidden="true"
              class="lucide lucide-bolt inline-flex items-center justify-center w-5 h-5"
              fill="none"
              height="24"
              stroke="currentColor"
              stroke-linecap="round"
              stroke-linejoin="round"
              stroke-width="2"
              viewBox="0 0 24 24"
              width="24"
              xmlns="http://www.w3.org/2000/svg"
            >
              <path
                d="M21 16V8a2 2 0 0 0-1-1.73l-7-4a2 2 0 0 0-2 0l-7 4A2 2 0 0 0 3 8v8a2 2 0 0 0 1 1.73l7 4a2 2 0 0 0 2 0l7-4A2 2 0 0 0 21 16z"
              />
              <circle
                cx="12"
                cy="12"
                r="4"
              />
            </svg>
            Settings
          </button>
        </li>
        <li>
          <button
            aria-disabled="true"
            class="inline-flex items-center rounded-md font-medium transition-all duration-200 focus-visible:outline-none focus-visible:ring-2 focus-visible:ring-offset-2 disabled:opacity-50 disabled:pointer-events-none active:scale-[0.98] select-none cursor-pointer bg-white text-foreground hover:bg-ghost-soft focus-visible:ring-ghost-light focus-visible:ring-offset-white h-9 px-4 text-sm min-w-[2.5rem] justify-start w-full gap-2"
            disabled=""
            inert=""
            type="button"
          >
            <svg
              aria-hidden="true"
              class="lucide lucide-log-out inline-flex items-center justify-center w-5 h-5"
              fill="none"
              height="24"
              stroke="currentColor"
              stroke-linecap="round"
              stroke-linejoin="round"
              stroke-width="2"
              viewBox="0 0 24 24"
              width="24"
              xmlns="http://www.w3.org/2000/svg"
            >
              <path
                d="m16 17 5-5-5-5"
              />
              <path
                d="M21 12H9"
              />
              <path
                d="M9 21H5a2 2 0 0 1-2-2V5a2 2 0 0 1 2-2h4"
              />
            </svg>
            Logout
          </button>
        </li>
      </ul>
    </div>
  </div>
</DocumentFragment>
`;
