// Vitest Snapshot v1, https://vitest.dev/guide/snapshot.html

exports[`PriceInput > renders correctly (snapshot) 1`] = `
<DocumentFragment>
  <div
    class="w-full"
  >
    <label
      class="block text-sm font-medium text-foreground mb-2"
      for="«r0»"
    >
      Amount
    </label>
    <div
      class="relative w-full"
    >
      <span
        aria-hidden="true"
        class="absolute left-2.5 top-0 bottom-0 pointer-events-none text-gray-500 flex items-center justify-center w-5"
        data-testid="left-content"
      >
        <svg
          aria-hidden="true"
          class="lucide lucide-banknote inline-flex items-center justify-center w-4 h-4"
          fill="none"
          height="24"
          stroke="currentColor"
          stroke-linecap="round"
          stroke-linejoin="round"
          stroke-width="2"
          viewBox="0 0 24 24"
          width="24"
          xmlns="http://www.w3.org/2000/svg"
        >
          <rect
            height="12"
            rx="2"
            width="20"
            x="2"
            y="6"
          />
          <circle
            cx="12"
            cy="12"
            r="2"
          />
          <path
            d="M6 12h.01M18 12h.01"
          />
        </svg>
      </span>
      <input
        aria-describedby="«r0»-helper"
        aria-invalid="false"
        autocomplete="off"
        class="block w-full rounded-md border bg-white transition-colors focus:outline-none focus:ring-2 focus:ring-offset-2 disabled:pointer-events-none disabled:bg-gray-50 border-primary/30 text-foreground focus:border-primary focus:ring-primary/20 pl-9 pr-3 h-9"
        id="«r0»"
        inputmode="numeric"
        pattern="[0-9.,-]*"
        type="text"
        value=""
      />
    </div>
    <div
      class="mt-1 text-sm text-gray-600"
      id="«r0»-helper"
    >
      Enter price in IDR format (e.g., 10.000 or 10.000,50)
    </div>
  </div>
</DocumentFragment>
`;
