// Vitest Snapshot v1, https://vitest.dev/guide/snapshot.html

exports[`ButtonFloat > matches snapshot 1`] = `
<DocumentFragment>
  <div
    style="position: relative; height: 600px; background: rgb(248, 249, 250); border: 1px dashed rgb(224, 122, 95); margin: 2rem;"
  >
    <div>
      <button
        aria-label="Chat"
        class="inline-flex items-center justify-center gap-2 rounded-lg font-medium duration-200 focus-visible:outline-none focus-visible:ring-2 focus-visible:ring-offset-2 disabled:opacity-50 disabled:pointer-events-none select-none shadow-lg transition-shadow will-change-transform,opacity,box-shadow hover:scale-105 active:scale-95 focus-visible:shadow-xl hover:shadow-xl active:shadow-md bg-primary text-white hover:bg-primary/90 focus-visible:ring-primary-soft focus-visible:ring-offset-white h-14 w-14 min-w-14 min-h-14 text-lg fixed bottom-4 right-4 animate-fab-in"
        style="position: fixed; bottom: 1rem; z-index: 50;"
        type="button"
      >
        <svg
          aria-hidden="true"
          class="lucide lucide-message-circle inline-flex items-center justify-center w-5 h-5 text-neutral"
          fill="none"
          height="24"
          stroke="currentColor"
          stroke-linecap="round"
          stroke-linejoin="round"
          stroke-width="2"
          viewBox="0 0 24 24"
          width="24"
          xmlns="http://www.w3.org/2000/svg"
        >
          <path
            d="M7.9 20A9 9 0 1 0 4 16.1L2 22Z"
          />
        </svg>
      </button>
    </div>
  </div>
</DocumentFragment>
`;
