// Vitest Snapshot v1, https://vitest.dev/guide/snapshot.html

exports[`Calculator > renders correctly (snapshot) 1`] = `
<DocumentFragment>
  <div
    aria-label="Calculator"
    class="flex flex-col w-full max-w-xs rounded-lg bg-background p-4"
    role="region"
  >
    <input
      aria-label="Calculator input"
      class="w-full mb-3 px-3 py-2 rounded border border-[var(--color-neutral)] bg-[var(--color-neutral-soft)] text-right text-xl font-mono focus:outline-none focus:ring-2 focus:ring-[var(--color-primary)]"
      inputmode="decimal"
      value=""
    />
    <div
      class="flex flex-col gap-1 mb-3"
    >
      <div
        class="flex w-full"
      >
        <button
          aria-label="7"
          class="flex-1 min-w-0 h-12 m-0.5 rounded text-lg font-medium transition-colors select-none bg-neutral text-foreground hover:bg-neutral-soft hover:text-neutral"
          type="button"
        >
          7
        </button>
        <button
          aria-label="8"
          class="flex-1 min-w-0 h-12 m-0.5 rounded text-lg font-medium transition-colors select-none bg-neutral text-foreground hover:bg-neutral-soft hover:text-neutral"
          type="button"
        >
          8
        </button>
        <button
          aria-label="9"
          class="flex-1 min-w-0 h-12 m-0.5 rounded text-lg font-medium transition-colors select-none bg-neutral text-foreground hover:bg-neutral-soft hover:text-neutral"
          type="button"
        >
          9
        </button>
        <button
          aria-label="/"
          class="flex-1 min-w-0 h-12 m-0.5 rounded text-lg font-medium transition-colors select-none bg-secondary text-white hover:bg-secondary-soft hover:text-secondary"
          type="button"
        >
          /
        </button>
      </div>
      <div
        class="flex w-full"
      >
        <button
          aria-label="4"
          class="flex-1 min-w-0 h-12 m-0.5 rounded text-lg font-medium transition-colors select-none bg-neutral text-foreground hover:bg-neutral-soft hover:text-neutral"
          type="button"
        >
          4
        </button>
        <button
          aria-label="5"
          class="flex-1 min-w-0 h-12 m-0.5 rounded text-lg font-medium transition-colors select-none bg-neutral text-foreground hover:bg-neutral-soft hover:text-neutral"
          type="button"
        >
          5
        </button>
        <button
          aria-label="6"
          class="flex-1 min-w-0 h-12 m-0.5 rounded text-lg font-medium transition-colors select-none bg-neutral text-foreground hover:bg-neutral-soft hover:text-neutral"
          type="button"
        >
          6
        </button>
        <button
          aria-label="*"
          class="flex-1 min-w-0 h-12 m-0.5 rounded text-lg font-medium transition-colors select-none bg-secondary text-white hover:bg-secondary-soft hover:text-secondary"
          type="button"
        >
          *
        </button>
      </div>
      <div
        class="flex w-full"
      >
        <button
          aria-label="1"
          class="flex-1 min-w-0 h-12 m-0.5 rounded text-lg font-medium transition-colors select-none bg-neutral text-foreground hover:bg-neutral-soft hover:text-neutral"
          type="button"
        >
          1
        </button>
        <button
          aria-label="2"
          class="flex-1 min-w-0 h-12 m-0.5 rounded text-lg font-medium transition-colors select-none bg-neutral text-foreground hover:bg-neutral-soft hover:text-neutral"
          type="button"
        >
          2
        </button>
        <button
          aria-label="3"
          class="flex-1 min-w-0 h-12 m-0.5 rounded text-lg font-medium transition-colors select-none bg-neutral text-foreground hover:bg-neutral-soft hover:text-neutral"
          type="button"
        >
          3
        </button>
        <button
          aria-label="-"
          class="flex-1 min-w-0 h-12 m-0.5 rounded text-lg font-medium transition-colors select-none bg-secondary text-white hover:bg-secondary-soft hover:text-secondary"
          type="button"
        >
          -
        </button>
      </div>
      <div
        class="flex w-full"
      >
        <button
          aria-label="0"
          class="flex-1 min-w-0 h-12 m-0.5 rounded text-lg font-medium transition-colors select-none bg-neutral text-foreground hover:bg-neutral-soft hover:text-neutral"
          type="button"
        >
          0
        </button>
        <button
          aria-label="."
          class="flex-1 min-w-0 h-12 m-0.5 rounded text-lg font-medium transition-colors select-none bg-neutral text-foreground hover:bg-neutral-soft hover:text-neutral"
          type="button"
        >
          .
        </button>
        <button
          aria-label="="
          class="flex-1 min-w-0 h-12 m-0.5 rounded text-lg font-medium transition-colors select-none bg-primary text-white hover:bg-primary-soft hover:text-primary"
          type="button"
        >
          =
        </button>
        <button
          aria-label="+"
          class="flex-1 min-w-0 h-12 m-0.5 rounded text-lg font-medium transition-colors select-none bg-secondary text-white hover:bg-secondary-soft hover:text-secondary"
          type="button"
        >
          +
        </button>
      </div>
    </div>
    <button
      aria-disabled="false"
      aria-label="Done"
      class="inline-flex items-center justify-center gap-2 rounded-md font-medium transition-all duration-200 focus-visible:outline-none focus-visible:ring-2 focus-visible:ring-offset-2 disabled:opacity-50 disabled:pointer-events-none active:scale-[0.98] select-none bg-coral text-white hover:bg-coral/90 focus-visible:ring-coral-soft focus-visible:ring-offset-white shadow-sm hover:shadow-md h-10 px-4 text-sm min-w-[2.5rem] w-full mt-2"
      type="button"
    >
      Done
    </button>
  </div>
</DocumentFragment>
`;
