// Vitest Snapshot v1, https://vitest.dev/guide/snapshot.html

exports[`DateSinglePickerInput Modal Stories > renders default modal story and matches snapshot 1`] = `
<DocumentFragment>
  <div
    class="relative w-full"
  >
    <div
      class="relative"
    >
      <label
        class="block text-sm font-medium text-foreground mb-2"
        for="«r0»"
      >
        Date of Birth
      </label>
      <button
        aria-disabled="false"
        aria-expanded="false"
        aria-haspopup="dialog"
        aria-invalid="false"
        class="rounded-md border bg-white transition-colors focus:outline-none focus:ring-2 focus:ring-offset-2 disabled:opacity-50 disabled:pointer-events-none disabled:bg-gray-50 border-coral/30 text-foreground focus:border-coral focus:ring-coral/20 pl-3 pr-3 h-10 flex items-center justify-between cursor-pointer w-full relative text-left"
        id="«r0»"
        tabindex="0"
        type="button"
      >
        <span
          class="flex-1"
        >
          Jul 1, 2025
        </span>
      </button>
      <div
        class="mt-1 text-sm text-muted-foreground"
      >
        Pick your birth date
      </div>
    </div>
    <div
      aria-modal="true"
      class="fixed inset-0 z-51 transition-opacity duration-300 bg-black/30 backdrop-blur-md flex items-center justify-center transition-opacity duration-200 ease-in-out items-start transition-opacity duration-200 ease-in-out opacity-0 pointer-events-none"
      placement="top"
      role="presentation"
      tabindex="-1"
    >
      <div
        aria-hidden="true"
        aria-label="Date of Birth"
        class="bg-white rounded-lg shadow-xl relative flex flex-col outline-none mx-4 transition-all duration-200 ease-in-out  w-[28rem] max-w-md mt-4 transition-all duration-200 ease-in-out opacity-0 scale-95 pointer-events-none"
        role="dialog"
        tabindex="0"
      >
        <div
          class="py-2 px-2"
        >
          <div
            class="select-none"
          >
            <div
              class="flex items-center justify-between px-4 pt-4 pb-2"
            >
              <span
                class="font-semibold text-lg"
              >
                July 1, 2025
              </span>
              <div
                class="flex gap-2"
              >
                <button
                  aria-disabled="false"
                  aria-label="Previous month"
                  class="inline-flex items-center justify-center font-medium transition-all duration-200 focus-visible:outline-none focus-visible:ring-2 focus-visible:ring-offset-2 disabled:opacity-50 disabled:pointer-events-none active:scale-[0.98] select-none bg-transparent text-foreground hover:bg-slate/10 focus-visible:ring-slate/20 focus-visible:ring-offset-white h-8 w-8 rounded-md"
                  type="button"
                >
                  <svg
                    aria-hidden="true"
                    class="lucide lucide-chevron-left inline-flex items-center justify-center w-4 h-4 text-ghost"
                    fill="none"
                    height="24"
                    stroke="currentColor"
                    stroke-linecap="round"
                    stroke-linejoin="round"
                    stroke-width="2"
                    viewBox="0 0 24 24"
                    width="24"
                    xmlns="http://www.w3.org/2000/svg"
                  >
                    <path
                      d="m15 18-6-6 6-6"
                    />
                  </svg>
                </button>
                <button
                  aria-disabled="false"
                  aria-label="Next month"
                  class="inline-flex items-center justify-center font-medium transition-all duration-200 focus-visible:outline-none focus-visible:ring-2 focus-visible:ring-offset-2 disabled:opacity-50 disabled:pointer-events-none active:scale-[0.98] select-none bg-transparent text-foreground hover:bg-slate/10 focus-visible:ring-slate/20 focus-visible:ring-offset-white h-8 w-8 rounded-md"
                  type="button"
                >
                  <svg
                    aria-hidden="true"
                    class="lucide lucide-chevron-right inline-flex items-center justify-center w-4 h-4 text-ghost"
                    fill="none"
                    height="24"
                    stroke="currentColor"
                    stroke-linecap="round"
                    stroke-linejoin="round"
                    stroke-width="2"
                    viewBox="0 0 24 24"
                    width="24"
                    xmlns="http://www.w3.org/2000/svg"
                  >
                    <path
                      d="m9 18 6-6-6-6"
                    />
                  </svg>
                </button>
              </div>
            </div>
            <div
              class="grid grid-cols-7 px-4 text-xs text-slate-500 mb-1"
            >
              <div
                class="flex items-center justify-center h-6"
              >
                Su
              </div>
              <div
                class="flex items-center justify-center h-6"
              >
                Mo
              </div>
              <div
                class="flex items-center justify-center h-6"
              >
                Tu
              </div>
              <div
                class="flex items-center justify-center h-6"
              >
                We
              </div>
              <div
                class="flex items-center justify-center h-6"
              >
                Th
              </div>
              <div
                class="flex items-center justify-center h-6"
              >
                Fr
              </div>
              <div
                class="flex items-center justify-center h-6"
              >
                Sa
              </div>
            </div>
            <div
              class="grid grid-cols-7 gap-2 px-4 pb-4"
            >
              <button
                aria-disabled="false"
                aria-label="Previous month day"
                class="inline-flex items-center justify-center font-medium transition-all duration-200 focus-visible:outline-none focus-visible:ring-2 focus-visible:ring-offset-2 disabled:opacity-50 disabled:pointer-events-none active:scale-[0.98] select-none bg-transparent hover:bg-slate/10 focus-visible:ring-slate/20 focus-visible:ring-offset-white h-8 w-8 rounded-md text-slate-300"
                type="button"
              >
                29
              </button>
              <button
                aria-disabled="false"
                aria-label="Previous month day"
                class="inline-flex items-center justify-center font-medium transition-all duration-200 focus-visible:outline-none focus-visible:ring-2 focus-visible:ring-offset-2 disabled:opacity-50 disabled:pointer-events-none active:scale-[0.98] select-none bg-transparent hover:bg-slate/10 focus-visible:ring-slate/20 focus-visible:ring-offset-white h-8 w-8 rounded-md text-slate-300"
                type="button"
              >
                30
              </button>
              <button
                aria-current="date"
                aria-disabled="false"
                aria-label="Select 2025-7-1"
                class="inline-flex items-center justify-center font-medium transition-all duration-200 focus-visible:outline-none focus-visible:ring-2 focus-visible:ring-offset-2 disabled:opacity-50 disabled:pointer-events-none active:scale-[0.98] select-none bg-coral text-white hover:bg-coral/90 focus-visible:ring-coral/20 focus-visible:ring-offset-white shadow-sm hover:shadow-md h-8 w-8 rounded-md"
                type="button"
              >
                1
              </button>
              <button
                aria-disabled="false"
                aria-label="Select 2025-7-2"
                class="inline-flex items-center justify-center font-medium transition-all duration-200 focus-visible:outline-none focus-visible:ring-2 focus-visible:ring-offset-2 disabled:opacity-50 disabled:pointer-events-none active:scale-[0.98] select-none bg-transparent text-foreground hover:bg-slate/10 focus-visible:ring-slate/20 focus-visible:ring-offset-white h-8 w-8 rounded-md"
                type="button"
              >
                2
              </button>
              <button
                aria-disabled="false"
                aria-label="Select 2025-7-3"
                class="inline-flex items-center justify-center font-medium transition-all duration-200 focus-visible:outline-none focus-visible:ring-2 focus-visible:ring-offset-2 disabled:opacity-50 disabled:pointer-events-none active:scale-[0.98] select-none bg-transparent text-foreground hover:bg-slate/10 focus-visible:ring-slate/20 focus-visible:ring-offset-white h-8 w-8 rounded-md"
                type="button"
              >
                3
              </button>
              <button
                aria-disabled="false"
                aria-label="Select 2025-7-4"
                class="inline-flex items-center justify-center font-medium transition-all duration-200 focus-visible:outline-none focus-visible:ring-2 focus-visible:ring-offset-2 disabled:opacity-50 disabled:pointer-events-none active:scale-[0.98] select-none bg-transparent text-foreground hover:bg-slate/10 focus-visible:ring-slate/20 focus-visible:ring-offset-white h-8 w-8 rounded-md"
                type="button"
              >
                4
              </button>
              <button
                aria-disabled="false"
                aria-label="Select 2025-7-5"
                class="inline-flex items-center justify-center font-medium transition-all duration-200 focus-visible:outline-none focus-visible:ring-2 focus-visible:ring-offset-2 disabled:opacity-50 disabled:pointer-events-none active:scale-[0.98] select-none bg-transparent text-foreground hover:bg-slate/10 focus-visible:ring-slate/20 focus-visible:ring-offset-white h-8 w-8 rounded-md"
                type="button"
              >
                5
              </button>
              <button
                aria-disabled="false"
                aria-label="Select 2025-7-6"
                class="inline-flex items-center justify-center font-medium transition-all duration-200 focus-visible:outline-none focus-visible:ring-2 focus-visible:ring-offset-2 disabled:opacity-50 disabled:pointer-events-none active:scale-[0.98] select-none bg-transparent text-foreground hover:bg-slate/10 focus-visible:ring-slate/20 focus-visible:ring-offset-white h-8 w-8 rounded-md"
                type="button"
              >
                6
              </button>
              <button
                aria-disabled="false"
                aria-label="Select 2025-7-7"
                class="inline-flex items-center justify-center font-medium transition-all duration-200 focus-visible:outline-none focus-visible:ring-2 focus-visible:ring-offset-2 disabled:opacity-50 disabled:pointer-events-none active:scale-[0.98] select-none bg-transparent text-foreground hover:bg-slate/10 focus-visible:ring-slate/20 focus-visible:ring-offset-white h-8 w-8 rounded-md"
                type="button"
              >
                7
              </button>
              <button
                aria-disabled="false"
                aria-label="Select 2025-7-8"
                class="inline-flex items-center justify-center font-medium transition-all duration-200 focus-visible:outline-none focus-visible:ring-2 focus-visible:ring-offset-2 disabled:opacity-50 disabled:pointer-events-none active:scale-[0.98] select-none bg-transparent text-foreground hover:bg-slate/10 focus-visible:ring-slate/20 focus-visible:ring-offset-white h-8 w-8 rounded-md"
                type="button"
              >
                8
              </button>
              <button
                aria-disabled="false"
                aria-label="Select 2025-7-9"
                class="inline-flex items-center justify-center font-medium transition-all duration-200 focus-visible:outline-none focus-visible:ring-2 focus-visible:ring-offset-2 disabled:opacity-50 disabled:pointer-events-none active:scale-[0.98] select-none bg-transparent text-foreground hover:bg-slate/10 focus-visible:ring-slate/20 focus-visible:ring-offset-white h-8 w-8 rounded-md"
                type="button"
              >
                9
              </button>
              <button
                aria-disabled="false"
                aria-label="Select 2025-7-10"
                class="inline-flex items-center justify-center font-medium transition-all duration-200 focus-visible:outline-none focus-visible:ring-2 focus-visible:ring-offset-2 disabled:opacity-50 disabled:pointer-events-none active:scale-[0.98] select-none bg-transparent text-foreground hover:bg-slate/10 focus-visible:ring-slate/20 focus-visible:ring-offset-white h-8 w-8 rounded-md"
                type="button"
              >
                10
              </button>
              <button
                aria-disabled="false"
                aria-label="Select 2025-7-11"
                class="inline-flex items-center justify-center font-medium transition-all duration-200 focus-visible:outline-none focus-visible:ring-2 focus-visible:ring-offset-2 disabled:opacity-50 disabled:pointer-events-none active:scale-[0.98] select-none bg-transparent text-foreground hover:bg-slate/10 focus-visible:ring-slate/20 focus-visible:ring-offset-white h-8 w-8 rounded-md"
                type="button"
              >
                11
              </button>
              <button
                aria-disabled="false"
                aria-label="Select 2025-7-12"
                class="inline-flex items-center justify-center font-medium transition-all duration-200 focus-visible:outline-none focus-visible:ring-2 focus-visible:ring-offset-2 disabled:opacity-50 disabled:pointer-events-none active:scale-[0.98] select-none bg-transparent text-foreground hover:bg-slate/10 focus-visible:ring-slate/20 focus-visible:ring-offset-white h-8 w-8 rounded-md"
                type="button"
              >
                12
              </button>
              <button
                aria-disabled="false"
                aria-label="Select 2025-7-13"
                class="inline-flex items-center justify-center font-medium transition-all duration-200 focus-visible:outline-none focus-visible:ring-2 focus-visible:ring-offset-2 disabled:opacity-50 disabled:pointer-events-none active:scale-[0.98] select-none bg-transparent text-foreground hover:bg-slate/10 focus-visible:ring-slate/20 focus-visible:ring-offset-white h-8 w-8 rounded-md"
                type="button"
              >
                13
              </button>
              <button
                aria-disabled="false"
                aria-label="Select 2025-7-14"
                class="inline-flex items-center justify-center font-medium transition-all duration-200 focus-visible:outline-none focus-visible:ring-2 focus-visible:ring-offset-2 disabled:opacity-50 disabled:pointer-events-none active:scale-[0.98] select-none bg-transparent text-foreground hover:bg-slate/10 focus-visible:ring-slate/20 focus-visible:ring-offset-white h-8 w-8 rounded-md"
                type="button"
              >
                14
              </button>
              <button
                aria-disabled="false"
                aria-label="Select 2025-7-15"
                class="inline-flex items-center justify-center font-medium transition-all duration-200 focus-visible:outline-none focus-visible:ring-2 focus-visible:ring-offset-2 disabled:opacity-50 disabled:pointer-events-none active:scale-[0.98] select-none bg-transparent text-foreground hover:bg-slate/10 focus-visible:ring-slate/20 focus-visible:ring-offset-white h-8 w-8 rounded-md"
                type="button"
              >
                15
              </button>
              <button
                aria-disabled="false"
                aria-label="Select 2025-7-16"
                class="inline-flex items-center justify-center font-medium transition-all duration-200 focus-visible:outline-none focus-visible:ring-2 focus-visible:ring-offset-2 disabled:opacity-50 disabled:pointer-events-none active:scale-[0.98] select-none bg-transparent text-foreground hover:bg-slate/10 focus-visible:ring-slate/20 focus-visible:ring-offset-white h-8 w-8 rounded-md"
                type="button"
              >
                16
              </button>
              <button
                aria-disabled="false"
                aria-label="Select 2025-7-17"
                class="inline-flex items-center justify-center font-medium transition-all duration-200 focus-visible:outline-none focus-visible:ring-2 focus-visible:ring-offset-2 disabled:opacity-50 disabled:pointer-events-none active:scale-[0.98] select-none bg-transparent text-foreground hover:bg-slate/10 focus-visible:ring-slate/20 focus-visible:ring-offset-white h-8 w-8 rounded-md"
                type="button"
              >
                17
              </button>
              <button
                aria-disabled="false"
                aria-label="Select 2025-7-18"
                class="inline-flex items-center justify-center font-medium transition-all duration-200 focus-visible:outline-none focus-visible:ring-2 focus-visible:ring-offset-2 disabled:opacity-50 disabled:pointer-events-none active:scale-[0.98] select-none bg-transparent text-foreground hover:bg-slate/10 focus-visible:ring-slate/20 focus-visible:ring-offset-white h-8 w-8 rounded-md"
                type="button"
              >
                18
              </button>
              <button
                aria-disabled="false"
                aria-label="Select 2025-7-19"
                class="inline-flex items-center justify-center font-medium transition-all duration-200 focus-visible:outline-none focus-visible:ring-2 focus-visible:ring-offset-2 disabled:opacity-50 disabled:pointer-events-none active:scale-[0.98] select-none bg-transparent text-foreground hover:bg-slate/10 focus-visible:ring-slate/20 focus-visible:ring-offset-white h-8 w-8 rounded-md"
                type="button"
              >
                19
              </button>
              <button
                aria-disabled="false"
                aria-label="Select 2025-7-20"
                class="inline-flex items-center justify-center font-medium transition-all duration-200 focus-visible:outline-none focus-visible:ring-2 focus-visible:ring-offset-2 disabled:opacity-50 disabled:pointer-events-none active:scale-[0.98] select-none bg-transparent text-foreground hover:bg-slate/10 focus-visible:ring-slate/20 focus-visible:ring-offset-white h-8 w-8 rounded-md"
                type="button"
              >
                20
              </button>
              <button
                aria-disabled="false"
                aria-label="Select 2025-7-21"
                class="inline-flex items-center justify-center font-medium transition-all duration-200 focus-visible:outline-none focus-visible:ring-2 focus-visible:ring-offset-2 disabled:opacity-50 disabled:pointer-events-none active:scale-[0.98] select-none bg-transparent text-foreground hover:bg-slate/10 focus-visible:ring-slate/20 focus-visible:ring-offset-white h-8 w-8 rounded-md"
                type="button"
              >
                21
              </button>
              <button
                aria-disabled="false"
                aria-label="Select 2025-7-22"
                class="inline-flex items-center justify-center font-medium transition-all duration-200 focus-visible:outline-none focus-visible:ring-2 focus-visible:ring-offset-2 disabled:opacity-50 disabled:pointer-events-none active:scale-[0.98] select-none bg-transparent text-foreground hover:bg-slate/10 focus-visible:ring-slate/20 focus-visible:ring-offset-white h-8 w-8 rounded-md"
                type="button"
              >
                22
              </button>
              <button
                aria-disabled="false"
                aria-label="Select 2025-7-23"
                class="inline-flex items-center justify-center font-medium transition-all duration-200 focus-visible:outline-none focus-visible:ring-2 focus-visible:ring-offset-2 disabled:opacity-50 disabled:pointer-events-none active:scale-[0.98] select-none bg-transparent text-foreground hover:bg-slate/10 focus-visible:ring-slate/20 focus-visible:ring-offset-white h-8 w-8 rounded-md"
                type="button"
              >
                23
              </button>
              <button
                aria-disabled="false"
                aria-label="Select 2025-7-24"
                class="inline-flex items-center justify-center font-medium transition-all duration-200 focus-visible:outline-none focus-visible:ring-2 focus-visible:ring-offset-2 disabled:opacity-50 disabled:pointer-events-none active:scale-[0.98] select-none bg-transparent text-foreground hover:bg-slate/10 focus-visible:ring-slate/20 focus-visible:ring-offset-white h-8 w-8 rounded-md"
                type="button"
              >
                24
              </button>
              <button
                aria-disabled="false"
                aria-label="Select 2025-7-25"
                class="inline-flex items-center justify-center font-medium transition-all duration-200 focus-visible:outline-none focus-visible:ring-2 focus-visible:ring-offset-2 disabled:opacity-50 disabled:pointer-events-none active:scale-[0.98] select-none bg-transparent text-foreground hover:bg-slate/10 focus-visible:ring-slate/20 focus-visible:ring-offset-white h-8 w-8 rounded-md"
                type="button"
              >
                25
              </button>
              <button
                aria-disabled="false"
                aria-label="Select 2025-7-26"
                class="inline-flex items-center justify-center font-medium transition-all duration-200 focus-visible:outline-none focus-visible:ring-2 focus-visible:ring-offset-2 disabled:opacity-50 disabled:pointer-events-none active:scale-[0.98] select-none bg-transparent text-foreground hover:bg-slate/10 focus-visible:ring-slate/20 focus-visible:ring-offset-white h-8 w-8 rounded-md"
                type="button"
              >
                26
              </button>
              <button
                aria-disabled="false"
                aria-label="Select 2025-7-27"
                class="inline-flex items-center justify-center font-medium transition-all duration-200 focus-visible:outline-none focus-visible:ring-2 focus-visible:ring-offset-2 disabled:opacity-50 disabled:pointer-events-none active:scale-[0.98] select-none bg-transparent text-foreground hover:bg-slate/10 focus-visible:ring-slate/20 focus-visible:ring-offset-white h-8 w-8 rounded-md"
                type="button"
              >
                27
              </button>
              <button
                aria-disabled="false"
                aria-label="Select 2025-7-28"
                class="inline-flex items-center justify-center font-medium transition-all duration-200 focus-visible:outline-none focus-visible:ring-2 focus-visible:ring-offset-2 disabled:opacity-50 disabled:pointer-events-none active:scale-[0.98] select-none bg-transparent text-foreground hover:bg-slate/10 focus-visible:ring-slate/20 focus-visible:ring-offset-white h-8 w-8 rounded-md"
                type="button"
              >
                28
              </button>
              <button
                aria-disabled="false"
                aria-label="Select 2025-7-29"
                class="inline-flex items-center justify-center font-medium transition-all duration-200 focus-visible:outline-none focus-visible:ring-2 focus-visible:ring-offset-2 disabled:opacity-50 disabled:pointer-events-none active:scale-[0.98] select-none bg-transparent text-foreground hover:bg-slate/10 focus-visible:ring-slate/20 focus-visible:ring-offset-white h-8 w-8 rounded-md"
                type="button"
              >
                29
              </button>
              <button
                aria-disabled="false"
                aria-label="Select 2025-7-30"
                class="inline-flex items-center justify-center font-medium transition-all duration-200 focus-visible:outline-none focus-visible:ring-2 focus-visible:ring-offset-2 disabled:opacity-50 disabled:pointer-events-none active:scale-[0.98] select-none bg-transparent text-foreground hover:bg-slate/10 focus-visible:ring-slate/20 focus-visible:ring-offset-white h-8 w-8 rounded-md"
                type="button"
              >
                30
              </button>
              <button
                aria-disabled="false"
                aria-label="Select 2025-7-31"
                class="inline-flex items-center justify-center font-medium transition-all duration-200 focus-visible:outline-none focus-visible:ring-2 focus-visible:ring-offset-2 disabled:opacity-50 disabled:pointer-events-none active:scale-[0.98] select-none bg-transparent text-foreground hover:bg-slate/10 focus-visible:ring-slate/20 focus-visible:ring-offset-white h-8 w-8 rounded-md"
                type="button"
              >
                31
              </button>
              <button
                aria-disabled="false"
                aria-label="Next month day"
                class="inline-flex items-center justify-center font-medium transition-all duration-200 focus-visible:outline-none focus-visible:ring-2 focus-visible:ring-offset-2 disabled:opacity-50 disabled:pointer-events-none active:scale-[0.98] select-none bg-transparent hover:bg-slate/10 focus-visible:ring-slate/20 focus-visible:ring-offset-white h-8 w-8 rounded-md text-slate-300"
                type="button"
              >
                1
              </button>
              <button
                aria-disabled="false"
                aria-label="Next month day"
                class="inline-flex items-center justify-center font-medium transition-all duration-200 focus-visible:outline-none focus-visible:ring-2 focus-visible:ring-offset-2 disabled:opacity-50 disabled:pointer-events-none active:scale-[0.98] select-none bg-transparent hover:bg-slate/10 focus-visible:ring-slate/20 focus-visible:ring-offset-white h-8 w-8 rounded-md text-slate-300"
                type="button"
              >
                2
              </button>
            </div>
          </div>
        </div>
        <div
          class="py-4 flex justify-end gap-2 px-6"
        >
          <button
            aria-disabled="false"
            class="inline-flex items-center justify-center gap-2 rounded-md font-medium transition-all duration-200 focus-visible:outline-none focus-visible:ring-2 focus-visible:ring-offset-2 disabled:opacity-50 disabled:pointer-events-none active:scale-[0.98] select-none bg-transparent text-foreground hover:bg-slate/10 focus-visible:ring-slate/20 focus-visible:ring-offset-white h-8 px-3 text-sm min-w-[2.25rem]"
            type="button"
          >
            Cancel
          </button>
          <button
            aria-disabled="false"
            class="inline-flex items-center justify-center gap-2 rounded-md font-medium transition-all duration-200 focus-visible:outline-none focus-visible:ring-2 focus-visible:ring-offset-2 disabled:opacity-50 disabled:pointer-events-none active:scale-[0.98] select-none bg-coral text-white hover:bg-coral/90 focus-visible:ring-coral/20 focus-visible:ring-offset-white shadow-sm hover:shadow-md h-8 px-3 text-sm min-w-[2.25rem]"
            type="button"
          >
            Confirm
          </button>
        </div>
      </div>
    </div>
  </div>
</DocumentFragment>
`;
