// Vitest Snapshot v1, https://vitest.dev/guide/snapshot.html

exports[`SegmentSingleInput > SegmentSingleInput - FullWidth > renders all options and fills parent width 1`] = `
<div
  class="w-full "
>
  <div
    class="w-full"
  >
    <div
      class="block text-sm font-medium text-foreground mb-3"
    >
      Transaction Type (Full Width)
    </div>
    <div
      class="rounded-lg border overflow-hidden bg-neutral/50 p-1 border-coral/20 text-sm flex w-full"
    >
      <input
        class="sr-only"
        id="«r12»"
        name="full-width-story"
        type="radio"
        value="expense"
      />
      <label
        class="relative flex flex-row items-center text-center font-medium transition-all duration-200 cursor-pointer border-0 bg-transparent outline-none focus:ring-2 focus:ring-offset-1 text-slate hover:text-coral focus:ring-coral/30 px-3 py-2 text-sm rounded-l-md flex-1 min-w-0"
        for="«r12»"
      >
        <svg
          aria-hidden="true"
          class="lucide lucide-trending-down w-4 h-4 mr-2"
          fill="none"
          height="24"
          stroke="currentColor"
          stroke-linecap="round"
          stroke-linejoin="round"
          stroke-width="2"
          viewBox="0 0 24 24"
          width="24"
          xmlns="http://www.w3.org/2000/svg"
        >
          <path
            d="M16 17h6v-6"
          />
          <path
            d="m22 17-8.5-8.5-5 5L2 7"
          />
        </svg>
        Expense
      </label>
      <input
        checked=""
        class="sr-only"
        id="«r13»"
        name="full-width-story"
        type="radio"
        value="income"
      />
      <label
        class="flex flex-row items-center text-center font-medium transition-all duration-200 cursor-pointer border-0 outline-none focus:ring-2 focus:ring-offset-1 focus:ring-coral/30 px-3 py-2 text-sm bg-coral text-white shadow-sm hover:text-white relative z-10 flex-1 min-w-0"
        for="«r13»"
      >
        <svg
          aria-hidden="true"
          class="lucide lucide-trending-up w-4 h-4 mr-2"
          fill="none"
          height="24"
          stroke="currentColor"
          stroke-linecap="round"
          stroke-linejoin="round"
          stroke-width="2"
          viewBox="0 0 24 24"
          width="24"
          xmlns="http://www.w3.org/2000/svg"
        >
          <path
            d="M16 7h6v6"
          />
          <path
            d="m22 7-8.5 8.5-5-5L2 17"
          />
        </svg>
        Income
      </label>
      <input
        class="sr-only"
        id="«r14»"
        name="full-width-story"
        type="radio"
        value="transfer"
      />
      <label
        class="relative flex flex-row items-center text-center font-medium transition-all duration-200 cursor-pointer border-0 bg-transparent outline-none focus:ring-2 focus:ring-offset-1 text-slate hover:text-coral focus:ring-coral/30 px-3 py-2 text-sm rounded-r-md flex-1 min-w-0"
        for="«r14»"
      >
        <svg
          aria-hidden="true"
          class="lucide lucide-arrow-left-right w-4 h-4 mr-2"
          fill="none"
          height="24"
          stroke="currentColor"
          stroke-linecap="round"
          stroke-linejoin="round"
          stroke-width="2"
          viewBox="0 0 24 24"
          width="24"
          xmlns="http://www.w3.org/2000/svg"
        >
          <path
            d="M8 3 4 7l4 4"
          />
          <path
            d="M4 7h16"
          />
          <path
            d="m16 21 4-4-4-4"
          />
          <path
            d="M20 17H4"
          />
        </svg>
        Transfer
      </label>
    </div>
  </div>
  <p
    class="text-sm text-gray-600 mt-2"
  >
    Current value: 
    income
  </p>
</div>
`;
