// Vitest Snapshot v1, https://vitest.dev/guide/snapshot.html

exports[`renders Icon with default props 1`] = `
<DocumentFragment>
  <span
    aria-hidden="true"
    class="inline-flex items-center justify-center w-5 h-5 text-primary"
  >
    <svg
      aria-hidden="true"
      class="lucide lucide-circle"
      fill="none"
      height="24"
      stroke="currentColor"
      stroke-linecap="round"
      stroke-linejoin="round"
      stroke-width="2"
      viewBox="0 0 24 24"
      width="24"
      xmlns="http://www.w3.org/2000/svg"
    >
      <circle
        cx="12"
        cy="12"
        r="10"
      />
    </svg>
  </span>
</DocumentFragment>
`;
