// Vitest Snapshot v1, https://vitest.dev/guide/snapshot.html

exports[`CalculatorInput > renders correctly 1`] = `
<DocumentFragment>
  <div>
    <label
      class="block text-sm font-medium text-foreground mb-2"
      for="«r0»"
    >
      Enter amount
    </label>
    <div
      class="relative w-full cursor-pointer bg-white"
    >
      <input
        aria-invalid="false"
        class="block w-full rounded-md border bg-white transition-colors focus:outline-none focus:ring-2 focus:ring-offset-2 disabled:opacity-50 disabled:pointer-events-none disabled:bg-gray-50 border-primary/30 text-foreground focus:border-primary focus:ring-primary/20 pl-3 pr-9 h-10"
        id="«r0»"
        readonly=""
        type="text"
        value=""
      />
      <span
        class="absolute right-2.5 top-0 bottom-0 pointer-events-none text-gray-500 flex items-center justify-center w-5"
        data-testid="right-content"
      >
        <svg
          aria-hidden="true"
          class="lucide lucide-calculator inline-flex items-center justify-center w-4 h-4 text-ghost"
          fill="none"
          height="24"
          stroke="currentColor"
          stroke-linecap="round"
          stroke-linejoin="round"
          stroke-width="2"
          viewBox="0 0 24 24"
          width="24"
          xmlns="http://www.w3.org/2000/svg"
        >
          <rect
            height="20"
            rx="2"
            width="16"
            x="4"
            y="2"
          />
          <line
            x1="8"
            x2="16"
            y1="6"
            y2="6"
          />
          <line
            x1="16"
            x2="16"
            y1="14"
            y2="18"
          />
          <path
            d="M16 10h.01"
          />
          <path
            d="M12 10h.01"
          />
          <path
            d="M8 10h.01"
          />
          <path
            d="M12 14h.01"
          />
          <path
            d="M8 14h.01"
          />
          <path
            d="M12 18h.01"
          />
          <path
            d="M8 18h.01"
          />
        </svg>
      </span>
    </div>
    <div
      class="mt-1 text-sm text-gray-600"
    >
      Enter a value using the calculator
    </div>
  </div>
  <div
    aria-modal="true"
    class="fixed inset-0 z-51 transition-opacity duration-300 bg-black/30 backdrop-blur-md flex items-center justify-center transition-opacity duration-200 ease-in-out items-center transition-opacity duration-200 ease-in-out opacity-0 pointer-events-none"
    placement="center"
    role="presentation"
    tabindex="-1"
  >
    <div
      aria-hidden="true"
      class="bg-white rounded-lg shadow-xl relative flex flex-col outline-none mx-4 transition-all duration-200 ease-in-out  w-[20rem] max-w-sm transition-all duration-200 ease-in-out opacity-0 scale-95 pointer-events-none"
      role="dialog"
      tabindex="0"
    >
      <div
        class="px-6 pt-6 pb-2 text-lg font-semibold"
      >
        Enter Amount
      </div>
      <div
        class="px-6 py-2 flex flex-col items-center justify-center pb-0"
      >
        <div
          aria-label="Calculator"
          class="flex flex-col w-full max-w-xs rounded-lg bg-background"
          role="region"
        >
          <input
            aria-label="Calculator input"
            class="w-full mb-3 px-3 py-2 rounded border border-[var(--color-neutral)] bg-[var(--color-neutral-soft)] text-right text-xl font-mono focus:outline-none focus:ring-2 focus:ring-[var(--color-primary)]"
            inputmode="decimal"
            value=""
          />
          <div
            class="flex flex-col gap-1 mb-3"
          >
            <div
              class="flex w-full"
            >
              <button
                aria-label="7"
                class="flex-1 min-w-0 h-12 m-0.5 rounded text-lg font-medium transition-colors select-none bg-neutral text-foreground hover:bg-neutral-soft hover:text-neutral"
                type="button"
              >
                7
              </button>
              <button
                aria-label="8"
                class="flex-1 min-w-0 h-12 m-0.5 rounded text-lg font-medium transition-colors select-none bg-neutral text-foreground hover:bg-neutral-soft hover:text-neutral"
                type="button"
              >
                8
              </button>
              <button
                aria-label="9"
                class="flex-1 min-w-0 h-12 m-0.5 rounded text-lg font-medium transition-colors select-none bg-neutral text-foreground hover:bg-neutral-soft hover:text-neutral"
                type="button"
              >
                9
              </button>
              <button
                aria-label="/"
                class="flex-1 min-w-0 h-12 m-0.5 rounded text-lg font-medium transition-colors select-none bg-secondary text-white hover:bg-secondary-soft hover:text-secondary"
                type="button"
              >
                /
              </button>
            </div>
            <div
              class="flex w-full"
            >
              <button
                aria-label="4"
                class="flex-1 min-w-0 h-12 m-0.5 rounded text-lg font-medium transition-colors select-none bg-neutral text-foreground hover:bg-neutral-soft hover:text-neutral"
                type="button"
              >
                4
              </button>
              <button
                aria-label="5"
                class="flex-1 min-w-0 h-12 m-0.5 rounded text-lg font-medium transition-colors select-none bg-neutral text-foreground hover:bg-neutral-soft hover:text-neutral"
                type="button"
              >
                5
              </button>
              <button
                aria-label="6"
                class="flex-1 min-w-0 h-12 m-0.5 rounded text-lg font-medium transition-colors select-none bg-neutral text-foreground hover:bg-neutral-soft hover:text-neutral"
                type="button"
              >
                6
              </button>
              <button
                aria-label="*"
                class="flex-1 min-w-0 h-12 m-0.5 rounded text-lg font-medium transition-colors select-none bg-secondary text-white hover:bg-secondary-soft hover:text-secondary"
                type="button"
              >
                *
              </button>
            </div>
            <div
              class="flex w-full"
            >
              <button
                aria-label="1"
                class="flex-1 min-w-0 h-12 m-0.5 rounded text-lg font-medium transition-colors select-none bg-neutral text-foreground hover:bg-neutral-soft hover:text-neutral"
                type="button"
              >
                1
              </button>
              <button
                aria-label="2"
                class="flex-1 min-w-0 h-12 m-0.5 rounded text-lg font-medium transition-colors select-none bg-neutral text-foreground hover:bg-neutral-soft hover:text-neutral"
                type="button"
              >
                2
              </button>
              <button
                aria-label="3"
                class="flex-1 min-w-0 h-12 m-0.5 rounded text-lg font-medium transition-colors select-none bg-neutral text-foreground hover:bg-neutral-soft hover:text-neutral"
                type="button"
              >
                3
              </button>
              <button
                aria-label="-"
                class="flex-1 min-w-0 h-12 m-0.5 rounded text-lg font-medium transition-colors select-none bg-secondary text-white hover:bg-secondary-soft hover:text-secondary"
                type="button"
              >
                -
              </button>
            </div>
            <div
              class="flex w-full"
            >
              <button
                aria-label="0"
                class="flex-1 min-w-0 h-12 m-0.5 rounded text-lg font-medium transition-colors select-none bg-neutral text-foreground hover:bg-neutral-soft hover:text-neutral"
                type="button"
              >
                0
              </button>
              <button
                aria-label="."
                class="flex-1 min-w-0 h-12 m-0.5 rounded text-lg font-medium transition-colors select-none bg-neutral text-foreground hover:bg-neutral-soft hover:text-neutral"
                type="button"
              >
                .
              </button>
              <button
                aria-label="="
                class="flex-1 min-w-0 h-12 m-0.5 rounded text-lg font-medium transition-colors select-none bg-primary text-white hover:bg-primary-soft hover:text-primary"
                type="button"
              >
                =
              </button>
              <button
                aria-label="+"
                class="flex-1 min-w-0 h-12 m-0.5 rounded text-lg font-medium transition-colors select-none bg-secondary text-white hover:bg-secondary-soft hover:text-secondary"
                type="button"
              >
                +
              </button>
            </div>
          </div>
        </div>
      </div>
      <div
        class="px-6 py-4 flex justify-end gap-2 pb-4 pt-0"
      >
        <button
          aria-disabled="false"
          class="inline-flex items-center justify-center gap-2 rounded-md font-medium transition-all duration-200 focus-visible:outline-none focus-visible:ring-2 focus-visible:ring-offset-2 disabled:opacity-50 disabled:pointer-events-none active:scale-[0.98] select-none text-foreground bg-white hover:bg-neutral/70 focus-visible:ring-foreground-soft focus-visible:ring-offset-white h-10 px-4 text-sm min-w-[2.5rem]"
          type="button"
        >
          Clear
        </button>
        <button
          aria-disabled="false"
          class="inline-flex items-center justify-center gap-2 rounded-md font-medium transition-all duration-200 focus-visible:outline-none focus-visible:ring-2 focus-visible:ring-offset-2 disabled:opacity-50 disabled:pointer-events-none active:scale-[0.98] select-none text-primary bg-white hover:bg-primary-light focus-visible:ring-primary-light focus-visible:ring-offset-white h-10 px-4 text-sm min-w-[2.5rem]"
          type="button"
        >
          OK
        </button>
      </div>
    </div>
  </div>
</DocumentFragment>
`;
