// Vitest Snapshot v1, https://vitest.dev/guide/snapshot.html

exports[`Table > renders table structure and content correctly 1`] = `
<DocumentFragment>
  <div
    class="w-full overflow-x-auto border border-border bg-background rounded-lg text-foreground sm:rounded-xl transition-colors"
    role="table"
  >
    <div
      class="bg-neutral-soft"
      role="rowgroup"
    >
      <div
        class="grid gap-4 grid-cols-12"
        role="row"
      >
        <div
          class="px-4 py-2 [&:not(:last-child)]:border-r [&:not(:last-child)]:border-border col-span-4 text-left truncate overflow-hidden whitespace-nowrap"
          role="columnheader"
        >
          Date
        </div>
        <div
          class="px-4 py-2 [&:not(:last-child)]:border-r [&:not(:last-child)]:border-border col-span-4 text-left truncate overflow-hidden whitespace-nowrap"
          role="columnheader"
        >
          Type
        </div>
        <div
          class="px-4 py-2 [&:not(:last-child)]:border-r [&:not(:last-child)]:border-border col-span-2 text-left truncate overflow-hidden whitespace-nowrap"
          role="columnheader"
        >
          Amount
        </div>
        <div
          class="px-4 py-2 [&:not(:last-child)]:border-r [&:not(:last-child)]:border-border col-span-2 text-left truncate overflow-hidden whitespace-nowrap"
          role="columnheader"
        >
          Action
        </div>
      </div>
    </div>
    <div
      class=""
      role="rowgroup"
    >
      <div
        class="grid gap-4 grid-cols-12 border-b border-border last:border-0"
        role="row"
      >
        <div
          class="px-4 py-2 [&:not(:last-child)]:border-r [&:not(:last-child)]:border-border col-span-4 text-left truncate overflow-hidden whitespace-nowrap"
          role="cell"
        >
          2025-07-01
        </div>
        <div
          class="px-4 py-2 [&:not(:last-child)]:border-r [&:not(:last-child)]:border-border col-span-4 text-left truncate overflow-hidden whitespace-nowrap"
          role="cell"
        >
          Income
        </div>
        <div
          class="px-4 py-2 [&:not(:last-child)]:border-r [&:not(:last-child)]:border-border col-span-2 text-left truncate overflow-hidden whitespace-nowrap"
          role="cell"
        >
          $2,000
        </div>
        <div
          class="px-4 py-2 [&:not(:last-child)]:border-r [&:not(:last-child)]:border-border col-span-2 text-left truncate overflow-hidden whitespace-nowrap"
          role="cell"
        >
          <button
            aria-label="Edit"
            class="inline-flex items-center justify-center font-medium transition-all duration-200 focus-visible:outline-none focus-visible:ring-2 focus-visible:ring-offset-2 disabled:opacity-50 disabled:pointer-events-none active:scale-[0.98] select-none cursor-pointer bg-white text-foreground hover:bg-ghost-soft focus-visible:ring-ghost-light focus-visible:ring-offset-white h-7 w-7 rounded-md"
            type="button"
          >
            <svg
              aria-hidden="true"
              class="lucide lucide-pen inline-flex items-center justify-center w-4 h-4"
              fill="none"
              height="24"
              stroke="currentColor"
              stroke-linecap="round"
              stroke-linejoin="round"
              stroke-width="2"
              viewBox="0 0 24 24"
              width="24"
              xmlns="http://www.w3.org/2000/svg"
            >
              <path
                d="M21.174 6.812a1 1 0 0 0-3.986-3.987L3.842 16.174a2 2 0 0 0-.5.83l-1.321 4.352a.5.5 0 0 0 .623.622l4.353-1.32a2 2 0 0 0 .83-.497z"
              />
            </svg>
          </button>
          <button
            aria-label="Delete"
            class="inline-flex items-center justify-center font-medium transition-all duration-200 focus-visible:outline-none focus-visible:ring-2 focus-visible:ring-offset-2 disabled:opacity-50 disabled:pointer-events-none active:scale-[0.98] select-none cursor-pointer h-7 w-7 rounded-md"
            type="button"
          >
            <svg
              aria-hidden="true"
              class="lucide lucide-trash inline-flex items-center justify-center w-4 h-4"
              fill="none"
              height="24"
              stroke="currentColor"
              stroke-linecap="round"
              stroke-linejoin="round"
              stroke-width="2"
              viewBox="0 0 24 24"
              width="24"
              xmlns="http://www.w3.org/2000/svg"
            >
              <path
                d="M3 6h18"
              />
              <path
                d="M19 6v14c0 1-1 2-2 2H7c-1 0-2-1-2-2V6"
              />
              <path
                d="M8 6V4c0-1 1-2 2-2h4c1 0 2 1 2 2v2"
              />
            </svg>
          </button>
        </div>
      </div>
      <div
        class="grid gap-4 grid-cols-12 border-b border-border last:border-0"
        role="row"
      >
        <div
          class="px-4 py-2 [&:not(:last-child)]:border-r [&:not(:last-child)]:border-border col-span-4 text-left truncate overflow-hidden whitespace-nowrap"
          role="cell"
        >
          2025-07-02
        </div>
        <div
          class="px-4 py-2 [&:not(:last-child)]:border-r [&:not(:last-child)]:border-border col-span-4 text-left truncate overflow-hidden whitespace-nowrap"
          role="cell"
        >
          Expense
        </div>
        <div
          class="px-4 py-2 [&:not(:last-child)]:border-r [&:not(:last-child)]:border-border col-span-2 text-left truncate overflow-hidden whitespace-nowrap"
          role="cell"
        >
          -$500
        </div>
        <div
          class="px-4 py-2 [&:not(:last-child)]:border-r [&:not(:last-child)]:border-border col-span-2 text-left truncate overflow-hidden whitespace-nowrap"
          role="cell"
        >
          <button
            aria-label="Edit"
            class="inline-flex items-center justify-center font-medium transition-all duration-200 focus-visible:outline-none focus-visible:ring-2 focus-visible:ring-offset-2 disabled:opacity-50 disabled:pointer-events-none active:scale-[0.98] select-none cursor-pointer bg-white text-foreground hover:bg-ghost-soft focus-visible:ring-ghost-light focus-visible:ring-offset-white h-7 w-7 rounded-md"
            type="button"
          >
            <svg
              aria-hidden="true"
              class="lucide lucide-pen inline-flex items-center justify-center w-4 h-4"
              fill="none"
              height="24"
              stroke="currentColor"
              stroke-linecap="round"
              stroke-linejoin="round"
              stroke-width="2"
              viewBox="0 0 24 24"
              width="24"
              xmlns="http://www.w3.org/2000/svg"
            >
              <path
                d="M21.174 6.812a1 1 0 0 0-3.986-3.987L3.842 16.174a2 2 0 0 0-.5.83l-1.321 4.352a.5.5 0 0 0 .623.622l4.353-1.32a2 2 0 0 0 .83-.497z"
              />
            </svg>
          </button>
          <button
            aria-label="Delete"
            class="inline-flex items-center justify-center font-medium transition-all duration-200 focus-visible:outline-none focus-visible:ring-2 focus-visible:ring-offset-2 disabled:opacity-50 disabled:pointer-events-none active:scale-[0.98] select-none cursor-pointer h-7 w-7 rounded-md"
            type="button"
          >
            <svg
              aria-hidden="true"
              class="lucide lucide-trash inline-flex items-center justify-center w-4 h-4"
              fill="none"
              height="24"
              stroke="currentColor"
              stroke-linecap="round"
              stroke-linejoin="round"
              stroke-width="2"
              viewBox="0 0 24 24"
              width="24"
              xmlns="http://www.w3.org/2000/svg"
            >
              <path
                d="M3 6h18"
              />
              <path
                d="M19 6v14c0 1-1 2-2 2H7c-1 0-2-1-2-2V6"
              />
              <path
                d="M8 6V4c0-1 1-2 2-2h4c1 0 2 1 2 2v2"
              />
            </svg>
          </button>
        </div>
      </div>
      <div
        class="grid gap-4 grid-cols-12 border-b border-border last:border-0"
        role="row"
      >
        <div
          class="px-4 py-2 [&:not(:last-child)]:border-r [&:not(:last-child)]:border-border col-span-4 text-left truncate overflow-hidden whitespace-nowrap"
          role="cell"
        >
          2025-07-03
        </div>
        <div
          class="px-4 py-2 [&:not(:last-child)]:border-r [&:not(:last-child)]:border-border col-span-4 text-left truncate overflow-hidden whitespace-nowrap"
          role="cell"
        >
          Income
        </div>
        <div
          class="px-4 py-2 [&:not(:last-child)]:border-r [&:not(:last-child)]:border-border col-span-2 text-left truncate overflow-hidden whitespace-nowrap"
          role="cell"
        >
          $1,200
        </div>
        <div
          class="px-4 py-2 [&:not(:last-child)]:border-r [&:not(:last-child)]:border-border col-span-2 text-left truncate overflow-hidden whitespace-nowrap"
          role="cell"
        >
          <button
            aria-label="Edit"
            class="inline-flex items-center justify-center font-medium transition-all duration-200 focus-visible:outline-none focus-visible:ring-2 focus-visible:ring-offset-2 disabled:opacity-50 disabled:pointer-events-none active:scale-[0.98] select-none cursor-pointer bg-white text-foreground hover:bg-ghost-soft focus-visible:ring-ghost-light focus-visible:ring-offset-white h-7 w-7 rounded-md"
            type="button"
          >
            <svg
              aria-hidden="true"
              class="lucide lucide-pen inline-flex items-center justify-center w-4 h-4"
              fill="none"
              height="24"
              stroke="currentColor"
              stroke-linecap="round"
              stroke-linejoin="round"
              stroke-width="2"
              viewBox="0 0 24 24"
              width="24"
              xmlns="http://www.w3.org/2000/svg"
            >
              <path
                d="M21.174 6.812a1 1 0 0 0-3.986-3.987L3.842 16.174a2 2 0 0 0-.5.83l-1.321 4.352a.5.5 0 0 0 .623.622l4.353-1.32a2 2 0 0 0 .83-.497z"
              />
            </svg>
          </button>
          <button
            aria-label="Delete"
            class="inline-flex items-center justify-center font-medium transition-all duration-200 focus-visible:outline-none focus-visible:ring-2 focus-visible:ring-offset-2 disabled:opacity-50 disabled:pointer-events-none active:scale-[0.98] select-none cursor-pointer h-7 w-7 rounded-md"
            type="button"
          >
            <svg
              aria-hidden="true"
              class="lucide lucide-trash inline-flex items-center justify-center w-4 h-4"
              fill="none"
              height="24"
              stroke="currentColor"
              stroke-linecap="round"
              stroke-linejoin="round"
              stroke-width="2"
              viewBox="0 0 24 24"
              width="24"
              xmlns="http://www.w3.org/2000/svg"
            >
              <path
                d="M3 6h18"
              />
              <path
                d="M19 6v14c0 1-1 2-2 2H7c-1 0-2-1-2-2V6"
              />
              <path
                d="M8 6V4c0-1 1-2 2-2h4c1 0 2 1 2 2v2"
              />
            </svg>
          </button>
        </div>
      </div>
    </div>
    <div
      class="bg-neutral-soft"
      role="rowgroup"
    >
      <div
        class="grid gap-4 grid-cols-12"
        role="row"
      >
        <div
          class="px-4 py-2 [&:not(:last-child)]:border-r [&:not(:last-child)]:border-border col-span-8 text-left truncate overflow-hidden whitespace-nowrap"
          role="cell"
        >
          Total
        </div>
        <div
          class="px-4 py-2 [&:not(:last-child)]:border-r [&:not(:last-child)]:border-border col-span-4 text-left truncate overflow-hidden whitespace-nowrap"
          role="cell"
        >
          $2,700
        </div>
      </div>
    </div>
  </div>
</DocumentFragment>
`;
