// Vitest Snapshot v1, https://vitest.dev/guide/snapshot.html

exports[`DateSinglePickerInput > renders correctly (snapshot) 1`] = `
<DocumentFragment>
  <div
    class="relative"
  >
    <div
      class="w-full"
    >
      <label
        class="block text-sm font-medium text-foreground mb-2"
        for="«r0»"
      >
        Date of Birth
      </label>
      <div
        class="relative w-full"
      >
        <span
          aria-hidden="true"
          class="absolute left-2.5 top-0 bottom-0 pointer-events-none text-gray-500 flex items-center justify-center w-5"
          data-testid="left-content"
        >
          <svg
            aria-hidden="true"
            class="lucide lucide-calendar inline-flex items-center justify-center w-4 h-4"
            fill="none"
            height="24"
            stroke="currentColor"
            stroke-linecap="round"
            stroke-linejoin="round"
            stroke-width="2"
            viewBox="0 0 24 24"
            width="24"
            xmlns="http://www.w3.org/2000/svg"
          >
            <path
              d="M8 2v4"
            />
            <path
              d="M16 2v4"
            />
            <rect
              height="18"
              rx="2"
              width="18"
              x="3"
              y="4"
            />
            <path
              d="M3 10h18"
            />
          </svg>
        </span>
        <input
          aria-describedby="«r0»-helper"
          aria-hidden="true"
          aria-invalid="false"
          class="block w-full rounded-md border transition-colors focus:outline-none focus:ring-offset-2 disabled:opacity-50 disabled:pointer-events-none disabled:bg-gray-50 border-gray-300 bg-gray-50 text-foreground cursor-default focus:ring-0 focus:border-gray-300 pl-9 pr-3 h-9"
          data-testid="date-single-picker-visible-input"
          id="«r0»"
          readonly=""
          tabindex="0"
          type="text"
          value="Jul 29, 2025"
        />
      </div>
      <div
        class="mt-1 text-sm text-gray-600"
        id="«r0»-helper"
      >
        Select your birth date.
      </div>
    </div>
    <input
      aria-label="Date of Birth"
      class="sr-only absolute opacity-0 h-0 w-0 pointer-events-none"
      tabindex="-1"
      type="date"
      value="2025-07-29"
    />
  </div>
</DocumentFragment>
`;
